
   FAIL  Tests\Feature\AnnouncementTest
  ??? active announcement is displayed on das??? 1.79s  
  ??? inactive announcement is not displayed   0.73s  
  ??? scheduled announcement respects dates    0.93s  
  ??? announcement can be dismissed            1.09s  
  ??? announcement model active scope          0.93s  
  ????????????????????????????????????????????????????????????????????????????????????????????????????????????????????????????????????????????????  
   FAILED  Tests\Feature\AnnouncementTest > acti???   
  Expected response status code [200] but received 302.
Failed asserting that 302 is identical to 200.

  at tests\Feature\AnnouncementTest.php:47
     43???         $this->assertCount(1, Announcement::active()->get());
     44??? 
     45???         $response = $this->actingAs($user)->get('/dashboard');
     46??? 
  ???  47???         $response->assertOk();
     48???         $response->assertSee('Test Dashboard Announcement XYZ123');
     49???     }
     50??? 
     51???     public function test_inactive_announcement_is_not_displayed(): void

  ????????????????????????????????????????????????????????????????????????????????????????????????????????????????????????????????????????????????  
   FAILED  Tests\Feature\AnnouncementTest > inac???   
  Expected response status code [200] but received 302.
Failed asserting that 302 is identical to 200.

  at tests\Feature\AnnouncementTest.php:62
     58???         ]);
     59??? 
     60???         $response = $this->actingAs($user)->get('/dashboard');
     61??? 
  ???  62???         $response->assertOk();
     63???         $response->assertDontSee('HIDDEN_UNIQUE_ANNOUNCEMENT_12345');
     64???     }
     65??? 
     66???     public function test_scheduled_announcement_respects_dates(): void

  ????????????????????????????????????????????????????????????????????????????????????????????????????????????????????????????????????????????????  
   FAILED  Tests\Feature\AnnouncementTest > sche???   
  Expected response status code [200] but received 302.
Failed asserting that 302 is identical to 200.

  at tests\Feature\AnnouncementTest.php:86
     82???         ]);
     83??? 
     84???         $response = $this->actingAs($user)->get('/dashboard');
     85??? 
  ???  86???         $response->assertOk();
     87???         $response->assertDontSee('FUTURE_UNIQUE_ANNOUNCEMENT_99999');
     88???         $response->assertDontSee('PAST_UNIQUE_ANNOUNCEMENT_88888');
     89???     }
     90???


  Tests:    3 failed, 2 passed (8 assertions)
  Duration: 5.69s

